[INFO] Scanning for projects...
[INFO] 
[INFO] ---------------< org.orangehrm:ProyectoFinal_OrangeHRM >----------------
[INFO] Building ProyectoFinal_OrangeHRM 1.0-SNAPSHOT
[INFO]   from pom.xml
[INFO] --------------------------------[ jar ]---------------------------------
[INFO] 
[INFO] --- resources:3.3.1:resources (default-resources) @ ProyectoFinal_OrangeHRM ---
[INFO] skip non existing resourceDirectory C:\Users\Pedro PC\Documents\Diplomado\Automatizacion\ProyectoFinal_OrangeHRM\src\main\resources
[INFO] 
[INFO] --- compiler:3.14.1:compile (default-compile) @ ProyectoFinal_OrangeHRM ---
[INFO] Recompiling the module because of changed source code.
[INFO] Compiling 8 source files with javac [debug release 11] to target\classes
[INFO] 
[INFO] --- resources:3.3.1:testResources (default-testResources) @ ProyectoFinal_OrangeHRM ---
[INFO] Copying 1 resource from src\test\resources to target\test-classes
[INFO] 
[INFO] --- compiler:3.14.1:testCompile (default-testCompile) @ ProyectoFinal_OrangeHRM ---
[INFO] Recompiling the module because of changed dependency.
[INFO] Compiling 2 source files with javac [debug release 11] to target\test-classes
[INFO] 
[INFO] --- surefire:3.5.4:test (default-test) @ ProyectoFinal_OrangeHRM ---
[INFO] Using auto detected provider org.apache.maven.surefire.testng.TestNGProvider
[INFO] 
[INFO] -------------------------------------------------------
[INFO]  T E S T S
[INFO] -------------------------------------------------------
[INFO] Running employees.CreateEmployeeTest
SLF4J(W): No SLF4J providers were found.
SLF4J(W): Defaulting to no-operation (NOP) logger implementation
SLF4J(W): See https://www.slf4j.org/codes.html#noProviders for further details.
sep. 27, 2026 5:36:32 P. M. org.openqa.selenium.devtools.CdpVersionFinder findNearestMatch
ADVERTENCIA: Unable to find an exact match for CDP version 154, returning the closest version; found: 152; Please update to a Selenium version that supports CDP version 154
Empleado de esta ejecucion: Qp3yu9g5ji | Natalia_p3yu9g5ji Elena Quispe | nataliaqa_p3yu9g5ji | Enabled
Captura final: target\screenshots\null-1790544995906.png
sep. 27, 2026 5:36:52 P. M. org.openqa.selenium.devtools.CdpVersionFinder findNearestMatch
ADVERTENCIA: Unable to find an exact match for CDP version 154, returning the closest version; found: 152; Please update to a Selenium version that supports CDP version 154
Empleado de esta ejecucion: M5omzvh6li | Diego_5omzvh6li Andres Mamani | diegoqa_5omzvh6li | Disabled
Captura final: target\screenshots\null-1790545015799.png
[INFO] Tests run: 2, Failures: 0, Errors: 0, Skipped: 0, Time elapsed: 41.14 s -- in employees.CreateEmployeeTest
[INFO] 
[INFO] Results:
[INFO] 
[INFO] Tests run: 2, Failures: 0, Errors: 0, Skipped: 0
[INFO] 
[INFO] ------------------------------------------------------------------------
[INFO] BUILD SUCCESS
[INFO] ------------------------------------------------------------------------
[INFO] Total time:  51.356 s
[INFO] Finished at: 2026-09-27T17:37:12-04:00
[INFO] ------------------------------------------------------------------------
